

================================================================
== Vitis HLS Report for 'nco_Pipeline_GEN_LOOP'
================================================================
* Date:           Mon Mar 23 10:57:46 2026

* Version:        2025.2 (Build 6295257 on Nov 14 2025)
* Project:        proj_nco
* Solution:       sol1 (Vivado IP Flow Target)
* Product family: zynq
* Target device:  xc7z020-clg400-1


================================================================
== Performance Estimates
================================================================
+ Timing: 
    * Summary: 
    +--------+----------+----------+------------+
    |  Clock |  Target  | Estimated| Uncertainty|
    +--------+----------+----------+------------+
    |ap_clk  |  10.00 ns|  7.293 ns|     2.70 ns|
    +--------+----------+----------+------------+

+ Latency: 
    * Summary: 
    +---------+---------+-----------+-----------+-----+-----+-------------------+
    |  Latency (cycles) |   Latency (absolute)  |  Interval |      Pipeline     |
    |   min   |   max   |    min    |    max    | min | max |        Type       |
    +---------+---------+-----------+-----------+-----+-----+-------------------+
    |        4|     4099|  40.000 ns|  40.990 us|    0|    0|  loop pipeline stp|
    +---------+---------+-----------+-----------+-----+-----+-------------------+

    + Detail: 
        * Instance: 
        N/A

        * Loop: 
        +------------+---------+---------+----------+-----------+-----------+----------+----------+
        |            |  Latency (cycles) | Iteration|  Initiation Interval  |   Trip   |          |
        |  Loop Name |   min   |   max   |  Latency |  achieved |   target  |   Count  | Pipelined|
        +------------+---------+---------+----------+-----------+-----------+----------+----------+
        |- GEN_LOOP  |        2|     4097|         3|          1|          1|  1 ~ 4096|       yes|
        +------------+---------+---------+----------+-----------+-----------+----------+----------+



================================================================
== Utilization Estimates
================================================================
* Summary: 
+-----------------+---------+-----+--------+-------+-----+
|       Name      | BRAM_18K| DSP |   FF   |  LUT  | URAM|
+-----------------+---------+-----+--------+-------+-----+
|DSP              |        -|    -|       -|      -|    -|
|Expression       |        -|    -|       0|    357|    -|
|FIFO             |        -|    -|       -|      -|    -|
|Instance         |        -|    -|       -|      -|    -|
|Memory           |        1|    -|       0|      0|    -|
|Multiplexer      |        -|    -|       0|     54|    -|
|Register         |        -|    -|     117|      -|    -|
+-----------------+---------+-----+--------+-------+-----+
|Total            |        1|    0|     117|    411|    0|
+-----------------+---------+-----+--------+-------+-----+
|Available        |      280|  220|  106400|  53200|    0|
+-----------------+---------+-----+--------+-------+-----+
|Utilization (%)  |       ~0|    0|      ~0|     ~0|    0|
+-----------------+---------+-----+--------+-------+-----+

+ Detail: 
    * Instance: 
    N/A

    * DSP: 
    N/A

    * Memory: 
    +--------------------+----------------------------------------------------+---------+---+----+-----+------+-----+------+-------------+
    |       Memory       |                       Module                       | BRAM_18K| FF| LUT| URAM| Words| Bits| Banks| W*Bits*Banks|
    +--------------------+----------------------------------------------------+---------+---+----+-----+------+-----+------+-------------+
    |QUARTER_SINE_LUT_U  |nco_Pipeline_GEN_LOOP_QUARTER_SINE_LUT_ROM_AUTO_1R  |        1|  0|   0|    0|  1024|   15|     1|        15360|
    +--------------------+----------------------------------------------------+---------+---+----+-----+------+-----+------+-------------+
    |Total               |                                                    |        1|  0|   0|    0|  1024|   15|     1|        15360|
    +--------------------+----------------------------------------------------+---------+---+----+-----+------+-----+------+-------------+

    * FIFO: 
    N/A

    * Expression: 
    +--------------------------------+----------+----+---+----+------------+------------+
    |          Variable Name         | Operation| DSP| FF| LUT| Bitwidth P0| Bitwidth P1|
    +--------------------------------+----------+----+---+----+------------+------------+
    |add_ln215_fu_242_p2             |         +|   0|  0|  39|          32|          32|
    |eff_phase_fu_190_p2             |         +|   0|  0|  39|          32|          32|
    |i_2_fu_181_p2                   |         +|   0|  0|  39|          32|           1|
    |phase_1_fu_261_p2               |         +|   0|  0|  39|          32|          31|
    |cos_val_fu_330_p2               |         -|   0|  0|  23|           1|          16|
    |sub_ln157_fu_313_p2             |         -|   0|  0|  23|           1|          16|
    |ap_block_pp0_stage0_01001_grp1  |       and|   0|  0|   2|           1|           1|
    |icmp_ln189_fu_176_p2            |      icmp|   0|  0|  39|          32|          32|
    |icmp_ln208_fu_237_p2            |      icmp|   0|  0|  40|          33|          33|
    |cos_val_1_fu_336_p3             |    select|   0|  0|  16|           1|          16|
    |lut_addr_1_fu_217_p3            |    select|   0|  0|  10|           1|          10|
    |lut_addr_3_fu_288_p3            |    select|   0|  0|  10|           1|          10|
    |sin_val_fu_319_p3               |    select|   0|  0|  16|           1|          16|
    |ap_enable_pp0                   |       xor|   0|  0|   2|           1|           2|
    |lut_addr_2_fu_282_p2            |       xor|   0|  0|  10|          10|           2|
    |lut_addr_fu_211_p2              |       xor|   0|  0|  10|          10|           2|
    +--------------------------------+----------+----+---+----+------------+------------+
    |Total                           |          |   0|  0| 357|         221|         252|
    +--------------------------------+----------+----+---+----+------------+------------+

    * Multiplexer: 
    +-------------------------+----+-----------+-----+-----------+
    |           Name          | LUT| Input Size| Bits| Total Bits|
    +-------------------------+----+-----------+-----+-----------+
    |ap_done_int              |   9|          2|    1|          2|
    |ap_enable_reg_pp0_iter1  |   9|          2|    1|          2|
    |ap_enable_reg_pp0_iter2  |   9|          2|    1|          2|
    |empty_fu_86              |   9|          2|   32|         64|
    |i_fu_82                  |   9|          2|   32|         64|
    |out_stream_TDATA_blk_n   |   9|          2|    1|          2|
    +-------------------------+----+-----------+-----+-----------+
    |Total                    |  54|         12|   68|        136|
    +-------------------------+----+-----------+-----+-----------+

    * Register: 
    +----------------------------------+----+----+-----+-----------+
    |               Name               | FF | LUT| Bits| Const Bits|
    +----------------------------------+----+----+-----+-----------+
    |ap_CS_fsm                         |   1|   0|    1|          0|
    |ap_done_reg                       |   1|   0|    1|          0|
    |ap_enable_reg_pp0_iter1           |   1|   0|    1|          0|
    |ap_enable_reg_pp0_iter2           |   1|   0|    1|          0|
    |ap_enable_reg_pp0_iter3           |   1|   0|    1|          0|
    |ap_loop_exit_ready_pp0_iter2_reg  |   1|   0|    1|          0|
    |eff_phase_reg_390                 |  32|   0|   32|          0|
    |empty_fu_86                       |  32|   0|   32|          0|
    |i_fu_82                           |  32|   0|   32|          0|
    |icmp_ln208_reg_405                |   1|   0|    1|          0|
    |icmp_ln208_reg_405_pp0_iter2_reg  |   1|   0|    1|          0|
    |lut_addr_1_reg_395                |  10|   0|   10|          0|
    |tmp_1_reg_400                     |   1|   0|    1|          0|
    |tmp_1_reg_400_pp0_iter2_reg       |   1|   0|    1|          0|
    |tmp_3_reg_420                     |   1|   0|    1|          0|
    +----------------------------------+----+----+-----+-----------+
    |Total                             | 117|   0|  117|          0|
    +----------------------------------+----+----+-----+-----------+



================================================================
== Interface
================================================================
* Summary: 
+-------------------+-----+-----+------------+-----------------------+--------------+
|     RTL Ports     | Dir | Bits|  Protocol  |     Source Object     |    C Type    |
+-------------------+-----+-----+------------+-----------------------+--------------+
|ap_clk             |   in|    1|  ap_ctrl_hs|  nco_Pipeline_GEN_LOOP|  return value|
|ap_rst             |   in|    1|  ap_ctrl_hs|  nco_Pipeline_GEN_LOOP|  return value|
|ap_start           |   in|    1|  ap_ctrl_hs|  nco_Pipeline_GEN_LOOP|  return value|
|ap_done            |  out|    1|  ap_ctrl_hs|  nco_Pipeline_GEN_LOOP|  return value|
|ap_idle            |  out|    1|  ap_ctrl_hs|  nco_Pipeline_GEN_LOOP|  return value|
|ap_ready           |  out|    1|  ap_ctrl_hs|  nco_Pipeline_GEN_LOOP|  return value|
|out_stream_TREADY  |   in|    1|        axis|    out_stream_V_data_V|       pointer|
|out_stream_TDATA   |  out|   32|        axis|    out_stream_V_data_V|       pointer|
|select_ln184       |   in|   32|     ap_none|           select_ln184|        scalar|
|num_samples        |   in|   32|     ap_none|            num_samples|        scalar|
|phase_offset       |   in|   32|     ap_none|           phase_offset|        scalar|
|add_ln208          |   in|   33|     ap_none|              add_ln208|        scalar|
|out_stream_TVALID  |  out|    1|        axis|    out_stream_V_last_V|       pointer|
|out_stream_TLAST   |  out|    1|        axis|    out_stream_V_last_V|       pointer|
|out_stream_TKEEP   |  out|    4|        axis|    out_stream_V_keep_V|       pointer|
|out_stream_TSTRB   |  out|    4|        axis|    out_stream_V_strb_V|       pointer|
|phase_inc          |   in|   32|     ap_none|              phase_inc|        scalar|
+-------------------+-----+-----+------------+-----------------------+--------------+

