

================================================================
== Vitis HLS Report for 'depthwise_conv'
================================================================
* Date:           Tue Mar 24 17:38:45 2026

* Version:        2025.2 (Build 6295257 on Nov 14 2025)
* Project:        proj_depthwise_conv
* Solution:       sol1 (Vivado IP Flow Target)
* Product family: zynq
* Target device:  xc7z020-clg400-1


================================================================
== Performance Estimates
================================================================
+ Timing: 
    * Summary: 
    +--------+----------+----------+------------+
    |  Clock |  Target  | Estimated| Uncertainty|
    +--------+----------+----------+------------+
    |ap_clk  |  10.00 ns|  7.179 ns|     2.70 ns|
    +--------+----------+----------+------------+

+ Latency: 
    * Summary: 
    +---------+---------+----------+----------+-----+-------+---------+
    |  Latency (cycles) |  Latency (absolute) |   Interval  | Pipeline|
    |   min   |   max   |    min   |    max   | min |  max  |   Type  |
    +---------+---------+----------+----------+-----+-------+---------+
    |      152|    65687|  1.520 us|  0.657 ms|  153|  65688|       no|
    +---------+---------+----------+----------+-----+-------+---------+

    + Detail: 
        * Instance: 
        +--------------------------------------------------------+---------------------------------------------+---------+---------+----------+----------+-----+-----+-------------------+
        |                                                        |                                             |  Latency (cycles) |  Latency (absolute) |  Interval |      Pipeline     |
        |                        Instance                        |                    Module                   |   min   |   max   |    min   |    max   | min | max |        Type       |
        +--------------------------------------------------------+---------------------------------------------+---------+---------+----------+----------+-----+-----+-------------------+
        |grp_depthwise_conv_Pipeline_INIT_LB_fu_240              |depthwise_conv_Pipeline_INIT_LB              |      130|      130|  1.300 us|  1.300 us|    0|    0|  loop pipeline stp|
        |grp_depthwise_conv_Pipeline_PIXEL_ROW_PIXEL_COL_fu_248  |depthwise_conv_Pipeline_PIXEL_ROW_PIXEL_COL  |       11|    65546|  0.110 us|  0.655 ms|    0|    0|  loop pipeline stp|
        +--------------------------------------------------------+---------------------------------------------+---------+---------+----------+----------+-----+-----+-------------------+

        * Loop: 
        N/A



================================================================
== Utilization Estimates
================================================================
* Summary: 
+-----------------+---------+-----+--------+-------+-----+
|       Name      | BRAM_18K| DSP |   FF   |  LUT  | URAM|
+-----------------+---------+-----+--------+-------+-----+
|DSP              |        -|    1|       -|      -|    -|
|Expression       |        -|    -|       0|     16|    -|
|FIFO             |        -|    -|       -|      -|    -|
|Instance         |        0|    6|    1251|   1536|    -|
|Memory           |        2|    -|       0|      0|    0|
|Multiplexer      |        -|    -|       0|    284|    -|
|Register         |        -|    -|     177|      -|    -|
+-----------------+---------+-----+--------+-------+-----+
|Total            |        2|    7|    1428|   1836|    0|
+-----------------+---------+-----+--------+-------+-----+
|Available        |      280|  220|  106400|  53200|    0|
+-----------------+---------+-----+--------+-------+-----+
|Utilization (%)  |       ~0|    3|       1|      3|    0|
+-----------------+---------+-----+--------+-------+-----+

+ Detail: 
    * Instance: 
    +--------------------------------------------------------+---------------------------------------------+---------+----+------+------+-----+
    |                        Instance                        |                    Module                   | BRAM_18K| DSP|  FF  |  LUT | URAM|
    +--------------------------------------------------------+---------------------------------------------+---------+----+------+------+-----+
    |ctrl_s_axi_U                                            |ctrl_s_axi                                   |        0|   0|   216|   220|    0|
    |grp_depthwise_conv_Pipeline_INIT_LB_fu_240              |depthwise_conv_Pipeline_INIT_LB              |        0|   0|    10|    56|    0|
    |grp_depthwise_conv_Pipeline_PIXEL_ROW_PIXEL_COL_fu_248  |depthwise_conv_Pipeline_PIXEL_ROW_PIXEL_COL  |        0|   6|  1025|  1260|    0|
    +--------------------------------------------------------+---------------------------------------------+---------+----+------+------+-----+
    |Total                                                   |                                             |        0|   6|  1251|  1536|    0|
    +--------------------------------------------------------+---------------------------------------------+---------+----+------+------+-----+

    * DSP: 
    +----------------------------------+------------------------------+----------------+
    |             Instance             |            Module            |   Expression   |
    +----------------------------------+------------------------------+----------------+
    |am_addmul_8ns_1ns_9ns_17_4_1_U42  |am_addmul_8ns_1ns_9ns_17_4_1  |  (i0 + i1) * i2|
    +----------------------------------+------------------------------+----------------+

    * Memory: 
    +--------------+--------------------------+---------+---+----+-----+------+-----+------+-------------+
    |    Memory    |          Module          | BRAM_18K| FF| LUT| URAM| Words| Bits| Banks| W*Bits*Banks|
    +--------------+--------------------------+---------+---+----+-----+------+-----+------+-------------+
    |line_buf_1_U  |line_buf_1_RAM_AUTO_1R1W  |        1|  0|   0|    0|   128|    8|     1|         1024|
    |line_buf_U    |line_buf_RAM_AUTO_1R1W    |        1|  0|   0|    0|   128|    8|     1|         1024|
    +--------------+--------------------------+---------+---+----+-----+------+-----+------+-------------+
    |Total         |                          |        2|  0|   0|    0|   256|   16|     2|         2048|
    +--------------+--------------------------+---------+---+----+-----+------+-----+------+-------------+

    * FIFO: 
    N/A

    * Expression: 
    +------------------------------------------------------------------------+----------+----+---+----+------------+------------+
    |                              Variable Name                             | Operation| DSP| FF| LUT| Bitwidth P0| Bitwidth P1|
    +------------------------------------------------------------------------+----------+----+---+----+------------+------------+
    |add_ln86_fu_295_p2                                                      |         +|   0|  0|  14|           9|           1|
    |grp_depthwise_conv_Pipeline_PIXEL_ROW_PIXEL_COL_fu_248_data_out_TREADY  |       and|   0|  0|   2|           1|           1|
    +------------------------------------------------------------------------+----------+----+---+----+------------+------------+
    |Total                                                                   |          |   0|  0|  16|          10|           2|
    +------------------------------------------------------------------------+----------+----+---+----+------------+------------+

    * Multiplexer: 
    +-----------------------------+----+-----------+-----+-----------+
    |             Name            | LUT| Input Size| Bits| Total Bits|
    +-----------------------------+----+-----------+-----+-----------+
    |ap_NS_fsm                    |  65|         13|    1|         13|
    |data_in_TREADY_int_regslice  |   9|          2|    1|          2|
    |data_out_TDATA_int_regslice  |   9|          2|    8|         16|
    |data_out_TKEEP_int_regslice  |   9|          2|    1|          2|
    |data_out_TLAST_int_regslice  |   9|          2|    1|          2|
    |data_out_TSTRB_int_regslice  |   9|          2|    1|          2|
    |line_buf_1_address0          |  14|          3|    7|         21|
    |line_buf_1_ce0               |  14|          3|    1|          3|
    |line_buf_1_ce1               |   9|          2|    1|          2|
    |line_buf_1_d0                |  14|          3|    8|         24|
    |line_buf_1_we0               |  14|          3|    1|          3|
    |line_buf_address0            |  14|          3|    7|         21|
    |line_buf_ce0                 |  14|          3|    1|          3|
    |line_buf_d0                  |  14|          3|    8|         24|
    |line_buf_we0                 |  14|          3|    1|          3|
    |weights_address0_local       |  53|         10|    4|         40|
    +-----------------------------+----+-----------+-----+-----------+
    |Total                        | 284|         59|   52|        181|
    +-----------------------------+----+-----------+-----+-----------+

    * Register: 
    +---------------------------------------------------------------------+----+----+-----+-----------+
    |                                 Name                                | FF | LUT| Bits| Const Bits|
    +---------------------------------------------------------------------+----+----+-----+-----------+
    |add_ln86_reg_393                                                     |   9|   0|    9|          0|
    |ap_CS_fsm                                                            |  12|   0|   12|          0|
    |bias_read_reg_378                                                    |  32|   0|   32|          0|
    |data_out_TDATA_reg                                                   |   8|   0|    8|          0|
    |data_out_TKEEP_reg                                                   |   1|   0|    1|          0|
    |data_out_TLAST_reg                                                   |   1|   0|    1|          0|
    |data_out_TSTRB_reg                                                   |   1|   0|    1|          0|
    |grp_depthwise_conv_Pipeline_INIT_LB_fu_240_ap_start_reg              |   1|   0|    1|          0|
    |grp_depthwise_conv_Pipeline_PIXEL_ROW_PIXEL_COL_fu_248_ap_start_reg  |   1|   0|    1|          0|
    |height_read_reg_373                                                  |   8|   0|    8|          0|
    |mul_ln79_reg_433                                                     |  17|   0|   17|          0|
    |out_shift_read_reg_363                                               |   5|   0|    5|          0|
    |relu_en_read_reg_358                                                 |   1|   0|    1|          0|
    |weights_load_1_reg_328                                               |   8|   0|    8|          0|
    |weights_load_2_reg_338                                               |   8|   0|    8|          0|
    |weights_load_3_reg_348                                               |   8|   0|    8|          0|
    |weights_load_4_reg_383                                               |   8|   0|    8|          0|
    |weights_load_5_reg_403                                               |   8|   0|    8|          0|
    |weights_load_6_reg_413                                               |   8|   0|    8|          0|
    |weights_load_7_reg_423                                               |   8|   0|    8|          0|
    |weights_load_8_reg_438                                               |   8|   0|    8|          0|
    |weights_load_reg_318                                                 |   8|   0|    8|          0|
    |width_read_reg_368                                                   |   8|   0|    8|          0|
    +---------------------------------------------------------------------+----+----+-----+-----------+
    |Total                                                                | 177|   0|  177|          0|
    +---------------------------------------------------------------------+----+----+-----+-----------+



================================================================
== Interface
================================================================
* Summary: 
+--------------------+-----+-----+------------+-------------------+--------------+
|      RTL Ports     | Dir | Bits|  Protocol  |   Source Object   |    C Type    |
+--------------------+-----+-----+------------+-------------------+--------------+
|s_axi_ctrl_AWVALID  |   in|    1|       s_axi|               ctrl|        scalar|
|s_axi_ctrl_AWREADY  |  out|    1|       s_axi|               ctrl|        scalar|
|s_axi_ctrl_AWADDR   |   in|    7|       s_axi|               ctrl|        scalar|
|s_axi_ctrl_WVALID   |   in|    1|       s_axi|               ctrl|        scalar|
|s_axi_ctrl_WREADY   |  out|    1|       s_axi|               ctrl|        scalar|
|s_axi_ctrl_WDATA    |   in|   32|       s_axi|               ctrl|        scalar|
|s_axi_ctrl_WSTRB    |   in|    4|       s_axi|               ctrl|        scalar|
|s_axi_ctrl_ARVALID  |   in|    1|       s_axi|               ctrl|        scalar|
|s_axi_ctrl_ARREADY  |  out|    1|       s_axi|               ctrl|        scalar|
|s_axi_ctrl_ARADDR   |   in|    7|       s_axi|               ctrl|        scalar|
|s_axi_ctrl_RVALID   |  out|    1|       s_axi|               ctrl|        scalar|
|s_axi_ctrl_RREADY   |   in|    1|       s_axi|               ctrl|        scalar|
|s_axi_ctrl_RDATA    |  out|   32|       s_axi|               ctrl|        scalar|
|s_axi_ctrl_RRESP    |  out|    2|       s_axi|               ctrl|        scalar|
|s_axi_ctrl_BVALID   |  out|    1|       s_axi|               ctrl|        scalar|
|s_axi_ctrl_BREADY   |   in|    1|       s_axi|               ctrl|        scalar|
|s_axi_ctrl_BRESP    |  out|    2|       s_axi|               ctrl|        scalar|
|ap_clk              |   in|    1|  ap_ctrl_hs|     depthwise_conv|  return value|
|ap_rst_n            |   in|    1|  ap_ctrl_hs|     depthwise_conv|  return value|
|interrupt           |  out|    1|  ap_ctrl_hs|     depthwise_conv|  return value|
|data_in_TDATA       |   in|    8|        axis|   data_in_V_data_V|       pointer|
|data_in_TVALID      |   in|    1|        axis|   data_in_V_last_V|       pointer|
|data_in_TREADY      |  out|    1|        axis|   data_in_V_last_V|       pointer|
|data_in_TLAST       |   in|    1|        axis|   data_in_V_last_V|       pointer|
|data_in_TKEEP       |   in|    1|        axis|   data_in_V_keep_V|       pointer|
|data_in_TSTRB       |   in|    1|        axis|   data_in_V_strb_V|       pointer|
|data_out_TDATA      |  out|    8|        axis|  data_out_V_data_V|       pointer|
|data_out_TVALID     |  out|    1|        axis|  data_out_V_last_V|       pointer|
|data_out_TREADY     |   in|    1|        axis|  data_out_V_last_V|       pointer|
|data_out_TLAST      |  out|    1|        axis|  data_out_V_last_V|       pointer|
|data_out_TKEEP      |  out|    1|        axis|  data_out_V_keep_V|       pointer|
|data_out_TSTRB      |  out|    1|        axis|  data_out_V_strb_V|       pointer|
+--------------------+-----+-----+------------+-------------------+--------------+

