

================================================================
== Vitis HLS Report for 'window'
================================================================
* Date:           Sun Mar 22 15:17:42 2026

* Version:        2025.1 (Build 6135595 on May 21 2025)
* Project:        proj_window
* Solution:       sol1 (Vivado IP Flow Target)
* Product family: zynq
* Target device:  xc7z020-clg400-1


================================================================
== Performance Estimates
================================================================
+ Timing: 
    * Summary: 
    +--------+----------+----------+------------+
    |  Clock |  Target  | Estimated| Uncertainty|
    +--------+----------+----------+------------+
    |ap_clk  |  10.00 ns|  5.580 ns|     2.70 ns|
    +--------+----------+----------+------------+

+ Latency: 
    * Summary: 
    +---------+---------+----------+----------+-----+-----+----------+
    |  Latency (cycles) |  Latency (absolute) |  Interval | Pipeline |
    |   min   |   max   |    min   |    max   | min | max |   Type   |
    +---------+---------+----------+----------+-----+-----+----------+
    |      264|      264|  2.640 us|  2.640 us|  256|  256|  dataflow|
    +---------+---------+----------+----------+-----+-----+----------+

    + Detail: 
        * Instance: 
        +-----------------+--------------+---------+---------+----------+----------+-----+-----+------------------------------------------------+
        |                 |              |  Latency (cycles) |  Latency (absolute) |  Interval |                    Pipeline                    |
        |     Instance    |    Module    |   min   |   max   |    min   |    max   | min | max |                      Type                      |
        +-----------------+--------------+---------+---------+----------+----------+-----+-----+------------------------------------------------+
        |read_input_U0    |read_input    |      257|      257|  2.570 us|  2.570 us|  256|  256|  loop auto-rewind stp (delay=0 clock cycles(s))|
        |apply_window_U0  |apply_window  |      261|      261|  2.610 us|  2.610 us|  256|  256|  loop auto-rewind flp (delay=0 clock cycles(s))|
        |write_output_U0  |write_output  |      258|      258|  2.580 us|  2.580 us|  256|  256|  loop auto-rewind flp (delay=0 clock cycles(s))|
        +-----------------+--------------+---------+---------+----------+----------+-----+-----+------------------------------------------------+

        * Loop: 
        N/A



================================================================
== Utilization Estimates
================================================================
* Summary: 
+-----------------+---------+-----+--------+-------+-----+
|       Name      | BRAM_18K| DSP |   FF   |  LUT  | URAM|
+-----------------+---------+-----+--------+-------+-----+
|DSP              |        -|    -|       -|      -|    -|
|Expression       |        -|    -|       -|      -|    -|
|FIFO             |        4|    -|     318|    154|    -|
|Instance         |        1|    2|     204|    355|    -|
|Memory           |        -|    -|       -|      -|    -|
|Multiplexer      |        -|    -|       -|      -|    -|
|Register         |        -|    -|       -|      -|    -|
+-----------------+---------+-----+--------+-------+-----+
|Total            |        5|    2|     522|    509|    0|
+-----------------+---------+-----+--------+-------+-----+
|Available        |      280|  220|  106400|  53200|    0|
+-----------------+---------+-----+--------+-------+-----+
|Utilization (%)  |        1|   ~0|      ~0|     ~0|    0|
+-----------------+---------+-----+--------+-------+-----+

+ Detail: 
    * Instance: 
    +-----------------+--------------+---------+----+-----+-----+-----+
    |     Instance    |    Module    | BRAM_18K| DSP|  FF | LUT | URAM|
    +-----------------+--------------+---------+----+-----+-----+-----+
    |apply_window_U0  |apply_window  |        1|   2|  179|  165|    0|
    |read_input_U0    |read_input    |        0|   0|   11|   86|    0|
    |write_output_U0  |write_output  |        0|   0|   14|  104|    0|
    +-----------------+--------------+---------+----+-----+-----+-----+
    |Total            |              |        1|   2|  204|  355|    0|
    +-----------------+--------------+---------+----+-----+-----+-----+

    * DSP: 
    N/A

    * Memory: 
    N/A

    * FIFO: 
    +--------+---------+-----+----+-----+------+-----+---------+
    |  Name  | BRAM_18K|  FF | LUT| URAM| Depth| Bits| Size:D*B|
    +--------+---------+-----+----+-----+------+-----+---------+
    |buf1_U  |        2|  159|   0|    -|   256|   32|     8192|
    |buf2_U  |        2|  159|   0|    -|   256|   32|     8192|
    +--------+---------+-----+----+-----+------+-----+---------+
    |Total   |        4|  318|   0|    0|   512|   64|    16384|
    +--------+---------+-----+----+-----+------+-----+---------+

    * Expression: 
    N/A

    * Multiplexer: 
    N/A

    * Register: 
    N/A



================================================================
== Interface
================================================================
* Summary: 
+--------------+-----+-----+--------------+----------------+--------------+
|   RTL Ports  | Dir | Bits|   Protocol   |  Source Object |    C Type    |
+--------------+-----+-----+--------------+----------------+--------------+
|in_r_TDATA    |   in|   32|          axis|   in_r_V_data_V|       pointer|
|in_r_TKEEP    |   in|    4|          axis|   in_r_V_keep_V|       pointer|
|in_r_TSTRB    |   in|    4|          axis|   in_r_V_strb_V|       pointer|
|in_r_TLAST    |   in|    1|          axis|   in_r_V_last_V|       pointer|
|in_r_TVALID   |   in|    1|          axis|   in_r_V_last_V|       pointer|
|in_r_TREADY   |  out|    1|          axis|   in_r_V_last_V|       pointer|
|out_r_TDATA   |  out|   32|          axis|  out_r_V_data_V|       pointer|
|out_r_TKEEP   |  out|    4|          axis|  out_r_V_keep_V|       pointer|
|out_r_TSTRB   |  out|    4|          axis|  out_r_V_strb_V|       pointer|
|out_r_TLAST   |  out|    1|          axis|  out_r_V_last_V|       pointer|
|out_r_TVALID  |  out|    1|          axis|  out_r_V_last_V|       pointer|
|out_r_TREADY  |   in|    1|          axis|  out_r_V_last_V|       pointer|
|ap_clk        |   in|    1|  ap_ctrl_none|          window|  return value|
|ap_rst_n      |   in|    1|  ap_ctrl_none|          window|  return value|
+--------------+-----+-----+--------------+----------------+--------------+

